Rc files read:
  /etc/LatexMk
Latexmk: This is Latexmk, John Collins, 20 November 2021, version: 4.76.
Rule 'bibtex supplement': The following rules & subrules became out-of-date:
      'bibtex supplement'
------------
Run number 1 of rule 'bibtex supplement'
------------
------------
Running 'bibtex  "supplement.aux"'
------------
Latexmk: applying rule 'bibtex supplement'...
This is BibTeX, Version 0.99d (TeX Live 2022/dev/Debian)
The top-level auxiliary file: supplement.aux
The style file: unsrtnat.bst
Database file #1: ../aistats/references.bib
Rule 'pdflatex': The following rules & subrules became out-of-date:
      'pdflatex'
------------
Run number 1 of rule 'pdflatex'
------------
------------
Running 'pdflatex  -interaction=nonstopmode -halt-on-error -file-line-error -recorder  "supplement.tex"'
------------
Latexmk: applying rule 'pdflatex'...
This is pdfTeX, Version 3.141592653-2.6-1.40.22 (TeX Live 2022/dev/Debian) (preloaded format=pdflatex)
 restricted \write18 enabled.
entering extended mode
(./supplement.tex
LaTeX2e <2021-11-15> patch level 1
L3 programming layer <2022-01-21>
(/usr/share/texlive/texmf-dist/tex/latex/base/article.cls
Document Class: article 2021/10/04 v1.4n Standard LaTeX document class
(/usr/share/texlive/texmf-dist/tex/latex/base/size10.clo))
(/usr/share/texlive/texmf-dist/tex/latex/geometry/geometry.sty
(/usr/share/texlive/texmf-dist/tex/latex/graphics/keyval.sty)
(/usr/share/texlive/texmf-dist/tex/generic/iftex/ifvtex.sty
(/usr/share/texlive/texmf-dist/tex/generic/iftex/iftex.sty)))
(/usr/share/texlive/texmf-dist/tex/latex/natbib/natbib.sty)
(/usr/share/texlive/texmf-dist/tex/latex/amsmath/amsmath.sty
For additional information on amsmath, use the `?' option.
(/usr/share/texlive/texmf-dist/tex/latex/amsmath/amstext.sty
(/usr/share/texlive/texmf-dist/tex/latex/amsmath/amsgen.sty))
(/usr/share/texlive/texmf-dist/tex/latex/amsmath/amsbsy.sty)
(/usr/share/texlive/texmf-dist/tex/latex/amsmath/amsopn.sty))
(/usr/share/texlive/texmf-dist/tex/latex/amsfonts/amssymb.sty
(/usr/share/texlive/texmf-dist/tex/latex/amsfonts/amsfonts.sty))
(/usr/share/texlive/texmf-dist/tex/latex/amscls/amsthm.sty)
(/usr/share/texlive/texmf-dist/tex/latex/tools/bm.sty)
(/usr/share/texlive/texmf-dist/tex/latex/mathtools/mathtools.sty
(/usr/share/texlive/texmf-dist/tex/latex/tools/calc.sty)
(/usr/share/texlive/texmf-dist/tex/latex/mathtools/mhsetup.sty))
(/usr/share/texlive/texmf-dist/tex/latex/graphics/graphicx.sty
(/usr/share/texlive/texmf-dist/tex/latex/graphics/graphics.sty
(/usr/share/texlive/texmf-dist/tex/latex/graphics/trig.sty)
(/usr/share/texlive/texmf-dist/tex/latex/graphics-cfg/graphics.cfg)
(/usr/share/texlive/texmf-dist/tex/latex/graphics-def/pdftex.def)))
(/usr/share/texlive/texmf-dist/tex/latex/booktabs/booktabs.sty)
(/usr/share/texlive/texmf-dist/tex/latex/multirow/multirow.sty)
(/usr/share/texlive/texmf-dist/tex/latex/tools/array.sty)
(/usr/share/texlive/texmf-dist/tex/latex/tools/longtable.sty)
(/usr/share/texlive/texmf-dist/tex/latex/caption/subcaption.sty
(/usr/share/texlive/texmf-dist/tex/latex/caption/caption.sty
(/usr/share/texlive/texmf-dist/tex/latex/caption/caption3.sty)
(/usr/share/texlive/texmf-dist/tex/latex/caption/ltcaption.sty)))
(/usr/share/texlive/texmf-dist/tex/latex/xcolor/xcolor.sty
(/usr/share/texlive/texmf-dist/tex/latex/graphics-cfg/color.cfg))
(/usr/share/texlive/texmf-dist/tex/latex/microtype/microtype.sty
(/usr/share/texlive/texmf-dist/tex/latex/etoolbox/etoolbox.sty)
(/usr/share/texlive/texmf-dist/tex/latex/microtype/microtype-pdftex.def)
(/usr/share/texlive/texmf-dist/tex/latex/microtype/microtype.cfg))
(/usr/share/texlive/texmf-dist/tex/latex/enumitem/enumitem.sty)
(/usr/share/texlive/texmf-dist/tex/latex/hyperref/xr-hyper.sty)
(/usr/share/texlive/texmf-dist/tex/latex/hyperref/hyperref.sty
(/usr/share/texlive/texmf-dist/tex/generic/ltxcmds/ltxcmds.sty)
(/usr/share/texlive/texmf-dist/tex/generic/pdftexcmds/pdftexcmds.sty
(/usr/share/texlive/texmf-dist/tex/generic/infwarerr/infwarerr.sty))
(/usr/share/texlive/texmf-dist/tex/generic/kvsetkeys/kvsetkeys.sty)
(/usr/share/texlive/texmf-dist/tex/generic/kvdefinekeys/kvdefinekeys.sty)
(/usr/share/texlive/texmf-dist/tex/generic/pdfescape/pdfescape.sty)
(/usr/share/texlive/texmf-dist/tex/latex/hycolor/hycolor.sty)
(/usr/share/texlive/texmf-dist/tex/latex/letltxmacro/letltxmacro.sty)
(/usr/share/texlive/texmf-dist/tex/latex/auxhook/auxhook.sty)
(/usr/share/texlive/texmf-dist/tex/latex/kvoptions/kvoptions.sty)
(/usr/share/texlive/texmf-dist/tex/latex/hyperref/pd1enc.def)
(/usr/share/texlive/texmf-dist/tex/latex/hyperref/hyperref-langpatches.def)
(/usr/share/texlive/texmf-dist/tex/generic/intcalc/intcalc.sty)
(/usr/share/texlive/texmf-dist/tex/generic/etexcmds/etexcmds.sty)
(/usr/share/texlive/texmf-dist/tex/latex/hyperref/puenc.def)
(/usr/share/texlive/texmf-dist/tex/latex/url/url.sty)
(/usr/share/texlive/texmf-dist/tex/generic/bitset/bitset.sty
(/usr/share/texlive/texmf-dist/tex/generic/bigintcalc/bigintcalc.sty))
(/usr/share/texlive/texmf-dist/tex/latex/base/atbegshi-ltx.sty))
(/usr/share/texlive/texmf-dist/tex/latex/hyperref/hpdftex.def
(/usr/share/texlive/texmf-dist/tex/latex/base/atveryend-ltx.sty)
(/usr/share/texlive/texmf-dist/tex/latex/rerunfilecheck/rerunfilecheck.sty
(/usr/share/texlive/texmf-dist/tex/generic/uniquecounter/uniquecounter.sty)))
(/usr/share/texlive/texmf-dist/tex/latex/cleveref/cleveref.sty) (./macros.tex)
(/usr/share/texlive/texmf-dist/tex/latex/l3backend/l3backend-pdftex.def)
(./supplement.aux

Package natbib Warning: Citation `slavutsky2025' multiply defined.


Package natbib Warning: Citation `elazar2018' multiply defined.


Package natbib Warning: Citation `brody2022' multiply defined.


Package natbib Warning: Citation `kronos2025' multiply defined.


Package natbib Warning: Citation `yang2025mistic' multiply defined.


Package natbib Warning: Citation `tenx_ovarian_ffpe' multiply defined.


Package natbib Warning: Citation `tenx_lung_ffpe' multiply defined.


Package natbib Warning: Citation `tenx_ovary_ff' multiply defined.


Package natbib Warning: Citation `williamskatek2026fishing' multiply defined.


Package natbib Warning: Citation `fischer2023' multiply defined.


Package natbib Warning: Citation `akbarnejad2025mintflow' multiply defined.


Package natbib Warning: Citation `dong2025simvi' multiply defined.


Package natbib Warning: Citation `moeed2026cellina' multiply defined.


Package natbib Warning: Citation `janesick2023' multiply defined.

)
*geometry* driver: auto-detecting
*geometry* detected driver: pdftex
(/usr/share/texlive/texmf-dist/tex/context/base/mkii/supp-pdf.mkii
[Loading MPS to PDF converter (version 2006.09.02).]
) (/usr/share/texlive/texmf-dist/tex/latex/epstopdf-pkg/epstopdf-base.sty
(/usr/share/texlive/texmf-dist/tex/latex/grfext/grfext.sty)
(/usr/share/texlive/texmf-dist/tex/latex/latexconfig/epstopdf-sys.cfg))
(/usr/share/texlive/texmf-dist/tex/latex/microtype/mt-cmr.cfg)
(/usr/share/texlive/texmf-dist/tex/latex/hyperref/nameref.sty
(/usr/share/texlive/texmf-dist/tex/latex/refcount/refcount.sty)
(/usr/share/texlive/texmf-dist/tex/generic/gettitlestring/gettitlestring.sty))
(./supplement.out) (./supplement.out)
(/usr/share/texlive/texmf-dist/tex/latex/amsfonts/umsa.fd)
(/usr/share/texlive/texmf-dist/tex/latex/microtype/mt-msa.cfg)
(/usr/share/texlive/texmf-dist/tex/latex/amsfonts/umsb.fd)
(/usr/share/texlive/texmf-dist/tex/latex/microtype/mt-msb.cfg)
(./supplement/S1_derivations.tex [1{/var/lib/texmf/fonts/map/pdftex/updmap/pdft
ex.map}] [2] [3] [4]) (./supplement/S2_design_rationale.tex [5] [6 <../aistats/
figures//fig_graph_compare.pdf>]
Overfull \hbox (14.29216pt too wide) in paragraph at lines 45--58
 [][] 
[7 <../aistats/figures//fig_voronoi_face.pdf>] [8] [9 <../aistats/figures//reco
mb_fig_contact_kernel.pdf>] [10 <../aistats/figures//fig_model_tissue.pdf> <../
aistats/figures//fig_model_graph.pdf>] [11 <../aistats/figures//fig_mask_radius
.pdf>] [12 <../aistats/figures//fig_kronos_umap.pdf>] [13 <../aistats/figures//
fig_kappa_bound.pdf>]) (./supplement/S3_implementation.tex
Underfull \hbox (badness 10000) in paragraph at lines 44--44
[]|\OT1/cmr/m/n/9 (+20) Moving-average rate,

Overfull \hbox (0.5108pt too wide) in paragraph at lines 15--52
 [][] 

LaTeX Warning: Float too large for page by 27.09413pt on input line 52.

[14 <../aistats/figures//recomb_fig_breakdown.pdf>]
Underfull \hbox (badness 1810) in paragraph at lines 78--78
[]|\OT1/cmr/m/n/9 (+20) Penalty, ad-ver-sary and
(../aistats/tables/generated/probe.tex [15]))
(./supplement/S4_data_and_labels.tex [16 <../aistats/figures//recomb_fig_batchi
ng.pdf>] [17 <../aistats/figures//fig_probe.pdf>]
(../aistats/tables/generated/battery.tex

LaTeX Warning: Float too large for page by 94.343pt on input line 435.

) (../aistats/tables/generated/context.tex) [18 <../aistats/figures//fig_sectio
ns.pdf>]) (./supplement/S5_readouts.tex [19]
(../aistats/tables/generated/headline.tex)
(../aistats/tables/generated/headline_full.tex
Overfull \hbox (17.45724pt too wide) in paragraph at lines 154--189
 [][] 
) [20]) (./supplement/S6_full_results.tex [21]
(../aistats/tables/generated/transport_heldout.tex) [22] [23 <../aistats/figure
s//fig_transport_heldout.pdf>] [24 <../aistats/figures//recomb_fig_hallmarks.pd
f>] (../aistats/tables/generated/cellina_cf.tex) [25] [26 <../aistats/figures//
fig_latents_umap.pdf>] [27 <../aistats/figures//fig_kl_seeds.pdf>]
(../aistats/tables/generated/timing.tex)) (./supplement/S7_simulation.tex
[28] (../aistats/tables/generated/synthetic.tex) [29 <../aistats/figures//recom
b_fig_synthetic_misspec.pdf>] (../aistats/tables/generated/planted_percell.tex)
 [30] [31 <../aistats/figures//fig_planted_percell.pdf>])
(./supplement/S8_sensitivity_and_ablations.tex [32]
(../aistats/tables/generated/kappa_sweep.tex
Overfull \hbox (9.40132pt too wide) in paragraph at lines 116--149
 [][] 
) [33 <../aistats/figures//recomb_fig_kappa_sweep.pdf>]
(../aistats/tables/generated/breakdown.tex)
(../aistats/tables/generated/breakdown_traj.tex
Overfull \hbox (0.78581pt too wide) in alignment at lines 58--63
 [] [] [] [] [] [] [] 

Overfull \hbox (0.78581pt too wide) in alignment at lines 63--67
 [] [] [] [] [] [] [] 

Overfull \hbox (0.78581pt too wide) in alignment at lines 67--69
 [] [] [] [] [] [] [] 

Overfull \hbox (0.78581pt too wide) in alignment at lines 69--141
 [] [] [] [] [] [] [] 
[34 <../aistats/figures//recomb_fig_breakdown_data.pdf>] [35]) [36]
(../aistats/tables/generated/sensitivity.tex)) (./supplement/S9_limitations.tex
[37] [38 <../aistats/figures//recomb_fig_sensitivity.pdf>]) (./supplement.bbl
[39] [40] [41])

Package natbib Warning: There were multiply defined citations.

[42] [43] [44] [45] [46] [47] [48] [49] [50] [51] [52] [53] [54] [55] [56]
[57] [58] [59] (./supplement.aux) )
(see the transcript file for additional information){/usr/share/texmf/fonts/enc
/dvips/cm-super/cm-super-ts1.enc}</usr/share/texlive/texmf-dist/fonts/type1/pub
lic/amsfonts/cmextra/cmbsy9.pfb></usr/share/texlive/texmf-dist/fonts/type1/publ
ic/amsfonts/cm/cmbx10.pfb></usr/share/texlive/texmf-dist/fonts/type1/public/ams
fonts/cm/cmbx12.pfb></usr/share/texlive/texmf-dist/fonts/type1/public/amsfonts/
cm/cmbx5.pfb></usr/share/texlive/texmf-dist/fonts/type1/public/amsfonts/cm/cmbx
6.pfb></usr/share/texlive/texmf-dist/fonts/type1/public/amsfonts/cm/cmbx7.pfb><
/usr/share/texlive/texmf-dist/fonts/type1/public/amsfonts/cm/cmbx8.pfb></usr/sh
are/texlive/texmf-dist/fonts/type1/public/amsfonts/cm/cmbx9.pfb></usr/share/tex
live/texmf-dist/fonts/type1/public/amsfonts/cm/cmex10.pfb></usr/share/texlive/t
exmf-dist/fonts/type1/public/amsfonts/cmextra/cmex7.pfb></usr/share/texlive/tex
mf-dist/fonts/type1/public/amsfonts/cm/cmmi10.pfb></usr/share/texlive/texmf-dis
t/fonts/type1/public/amsfonts/cm/cmmi12.pfb></usr/share/texlive/texmf-dist/font
s/type1/public/amsfonts/cm/cmmi5.pfb></usr/share/texlive/texmf-dist/fonts/type1
/public/amsfonts/cm/cmmi6.pfb></usr/share/texlive/texmf-dist/fonts/type1/public
/amsfonts/cm/cmmi7.pfb></usr/share/texlive/texmf-dist/fonts/type1/public/amsfon
ts/cm/cmmi8.pfb></usr/share/texlive/texmf-dist/fonts/type1/public/amsfonts/cm/c
mmi9.pfb></usr/share/texlive/texmf-dist/fonts/type1/public/amsfonts/cm/cmmib10.
pfb></usr/share/texlive/texmf-dist/fonts/type1/public/amsfonts/cmextra/cmmib5.p
fb></usr/share/texlive/texmf-dist/fonts/type1/public/amsfonts/cmextra/cmmib7.pf
b></usr/share/texlive/texmf-dist/fonts/type1/public/amsfonts/cmextra/cmmib8.pfb
></usr/share/texlive/texmf-dist/fonts/type1/public/amsfonts/cmextra/cmmib9.pfb>
</usr/share/texlive/texmf-dist/fonts/type1/public/amsfonts/cm/cmr10.pfb></usr/s
hare/texlive/texmf-dist/fonts/type1/public/amsfonts/cm/cmr12.pfb></usr/share/te
xlive/texmf-dist/fonts/type1/public/amsfonts/cm/cmr17.pfb></usr/share/texlive/t
exmf-dist/fonts/type1/public/amsfonts/cm/cmr5.pfb></usr/share/texlive/texmf-dis
t/fonts/type1/public/amsfonts/cm/cmr6.pfb></usr/share/texlive/texmf-dist/fonts/
type1/public/amsfonts/cm/cmr7.pfb></usr/share/texlive/texmf-dist/fonts/type1/pu
blic/amsfonts/cm/cmr8.pfb></usr/share/texlive/texmf-dist/fonts/type1/public/ams
fonts/cm/cmr9.pfb></usr/share/texlive/texmf-dist/fonts/type1/public/amsfonts/cm
/cmsy10.pfb></usr/share/texlive/texmf-dist/fonts/type1/public/amsfonts/cm/cmsy5
.pfb></usr/share/texlive/texmf-dist/fonts/type1/public/amsfonts/cm/cmsy6.pfb></
usr/share/texlive/texmf-dist/fonts/type1/public/amsfonts/cm/cmsy7.pfb></usr/sha
re/texlive/texmf-dist/fonts/type1/public/amsfonts/cm/cmsy8.pfb></usr/share/texl
ive/texmf-dist/fonts/type1/public/amsfonts/cm/cmsy9.pfb></usr/share/texlive/tex
mf-dist/fonts/type1/public/amsfonts/cm/cmti10.pfb></usr/share/texlive/texmf-dis
t/fonts/type1/public/amsfonts/cm/cmti7.pfb></usr/share/texlive/texmf-dist/fonts
/type1/public/amsfonts/cm/cmti8.pfb></usr/share/texlive/texmf-dist/fonts/type1/
public/amsfonts/cm/cmti9.pfb></usr/share/texlive/texmf-dist/fonts/type1/public/
amsfonts/cm/cmtt10.pfb></usr/share/texlive/texmf-dist/fonts/type1/public/amsfon
ts/symbols/msbm10.pfb></usr/share/texmf/fonts/type1/public/cm-super/sfrm1000.pf
b>
Output written on supplement.pdf (59 pages, 35733187 bytes).
Transcript written on supplement.log.
Latexmk: Found input bbl file 'supplement.bbl'
Latexmk: Log file says output to 'supplement.pdf'
Latexmk: Examining 'supplement.log'
=== TeX engine is 'pdfTeX'
Latexmk: Found bibliography file(s) [../aistats/references.bib]
Latexmk: All targets (supplement.pdf) are up-to-date
