Rc files read:
  /etc/LatexMk
Latexmk: This is Latexmk, John Collins, 20 November 2021, version: 4.76.
Rule 'bibtex main': The following rules & subrules became out-of-date:
      'bibtex main'
------------
Run number 1 of rule 'bibtex main'
------------
------------
Running 'bibtex  "main.aux"'
------------
Latexmk: applying rule 'bibtex main'...
This is BibTeX, Version 0.99d (TeX Live 2022/dev/Debian)
The top-level auxiliary file: main.aux
The style file: unsrtnat.bst
Database file #1: ../aistats/references.bib
Rule 'pdflatex': The following rules & subrules became out-of-date:
      'pdflatex'
------------
Run number 1 of rule 'pdflatex'
------------
------------
Running 'pdflatex  -interaction=nonstopmode -halt-on-error -file-line-error -recorder  "main.tex"'
------------
Latexmk: applying rule 'pdflatex'...
This is pdfTeX, Version 3.141592653-2.6-1.40.22 (TeX Live 2022/dev/Debian) (preloaded format=pdflatex)
 restricted \write18 enabled.
entering extended mode
(./main.tex
LaTeX2e <2021-11-15> patch level 1
L3 programming layer <2022-01-21>
(/usr/share/texlive/texmf-dist/tex/latex/base/article.cls
Document Class: article 2021/10/04 v1.4n Standard LaTeX document class
(/usr/share/texlive/texmf-dist/tex/latex/base/size10.clo))
(/usr/share/texlive/texmf-dist/tex/latex/geometry/geometry.sty
(/usr/share/texlive/texmf-dist/tex/latex/graphics/keyval.sty)
(/usr/share/texlive/texmf-dist/tex/generic/iftex/ifvtex.sty
(/usr/share/texlive/texmf-dist/tex/generic/iftex/iftex.sty)))
(/usr/share/texlive/texmf-dist/tex/latex/natbib/natbib.sty)
(/usr/share/texlive/texmf-dist/tex/latex/amsmath/amsmath.sty
For additional information on amsmath, use the `?' option.
(/usr/share/texlive/texmf-dist/tex/latex/amsmath/amstext.sty
(/usr/share/texlive/texmf-dist/tex/latex/amsmath/amsgen.sty))
(/usr/share/texlive/texmf-dist/tex/latex/amsmath/amsbsy.sty)
(/usr/share/texlive/texmf-dist/tex/latex/amsmath/amsopn.sty))
(/usr/share/texlive/texmf-dist/tex/latex/amsfonts/amssymb.sty
(/usr/share/texlive/texmf-dist/tex/latex/amsfonts/amsfonts.sty))
(/usr/share/texlive/texmf-dist/tex/latex/amscls/amsthm.sty)
(/usr/share/texlive/texmf-dist/tex/latex/tools/bm.sty)
(/usr/share/texlive/texmf-dist/tex/latex/mathtools/mathtools.sty
(/usr/share/texlive/texmf-dist/tex/latex/tools/calc.sty)
(/usr/share/texlive/texmf-dist/tex/latex/mathtools/mhsetup.sty))
(/usr/share/texlive/texmf-dist/tex/latex/graphics/graphicx.sty
(/usr/share/texlive/texmf-dist/tex/latex/graphics/graphics.sty
(/usr/share/texlive/texmf-dist/tex/latex/graphics/trig.sty)
(/usr/share/texlive/texmf-dist/tex/latex/graphics-cfg/graphics.cfg)
(/usr/share/texlive/texmf-dist/tex/latex/graphics-def/pdftex.def)))
(/usr/share/texlive/texmf-dist/tex/latex/booktabs/booktabs.sty)
(/usr/share/texlive/texmf-dist/tex/latex/multirow/multirow.sty)
(/usr/share/texlive/texmf-dist/tex/latex/tools/array.sty)
(/usr/share/texlive/texmf-dist/tex/latex/tools/longtable.sty)
(/usr/share/texlive/texmf-dist/tex/latex/caption/subcaption.sty
(/usr/share/texlive/texmf-dist/tex/latex/caption/caption.sty
(/usr/share/texlive/texmf-dist/tex/latex/caption/caption3.sty)
(/usr/share/texlive/texmf-dist/tex/latex/caption/ltcaption.sty)))
(/usr/share/texlive/texmf-dist/tex/latex/xcolor/xcolor.sty
(/usr/share/texlive/texmf-dist/tex/latex/graphics-cfg/color.cfg))
(/usr/share/texlive/texmf-dist/tex/latex/microtype/microtype.sty
(/usr/share/texlive/texmf-dist/tex/latex/etoolbox/etoolbox.sty)
(/usr/share/texlive/texmf-dist/tex/latex/microtype/microtype-pdftex.def)
(/usr/share/texlive/texmf-dist/tex/latex/microtype/microtype.cfg))
(/usr/share/texlive/texmf-dist/tex/latex/enumitem/enumitem.sty)
(/usr/share/texlive/texmf-dist/tex/latex/hyperref/xr-hyper.sty)
(/usr/share/texlive/texmf-dist/tex/latex/hyperref/hyperref.sty
(/usr/share/texlive/texmf-dist/tex/generic/ltxcmds/ltxcmds.sty)
(/usr/share/texlive/texmf-dist/tex/generic/pdftexcmds/pdftexcmds.sty
(/usr/share/texlive/texmf-dist/tex/generic/infwarerr/infwarerr.sty))
(/usr/share/texlive/texmf-dist/tex/generic/kvsetkeys/kvsetkeys.sty)
(/usr/share/texlive/texmf-dist/tex/generic/kvdefinekeys/kvdefinekeys.sty)
(/usr/share/texlive/texmf-dist/tex/generic/pdfescape/pdfescape.sty)
(/usr/share/texlive/texmf-dist/tex/latex/hycolor/hycolor.sty)
(/usr/share/texlive/texmf-dist/tex/latex/letltxmacro/letltxmacro.sty)
(/usr/share/texlive/texmf-dist/tex/latex/auxhook/auxhook.sty)
(/usr/share/texlive/texmf-dist/tex/latex/kvoptions/kvoptions.sty)
(/usr/share/texlive/texmf-dist/tex/latex/hyperref/pd1enc.def)
(/usr/share/texlive/texmf-dist/tex/latex/hyperref/hyperref-langpatches.def)
(/usr/share/texlive/texmf-dist/tex/generic/intcalc/intcalc.sty)
(/usr/share/texlive/texmf-dist/tex/generic/etexcmds/etexcmds.sty)
(/usr/share/texlive/texmf-dist/tex/latex/hyperref/puenc.def)
(/usr/share/texlive/texmf-dist/tex/latex/url/url.sty)
(/usr/share/texlive/texmf-dist/tex/generic/bitset/bitset.sty
(/usr/share/texlive/texmf-dist/tex/generic/bigintcalc/bigintcalc.sty))
(/usr/share/texlive/texmf-dist/tex/latex/base/atbegshi-ltx.sty))
(/usr/share/texlive/texmf-dist/tex/latex/hyperref/hpdftex.def
(/usr/share/texlive/texmf-dist/tex/latex/base/atveryend-ltx.sty)
(/usr/share/texlive/texmf-dist/tex/latex/rerunfilecheck/rerunfilecheck.sty
(/usr/share/texlive/texmf-dist/tex/generic/uniquecounter/uniquecounter.sty)))
(/usr/share/texlive/texmf-dist/tex/latex/pdfpages/pdfpages.sty
(/usr/share/texlive/texmf-dist/tex/latex/base/ifthen.sty)
(/usr/share/texlive/texmf-dist/tex/latex/eso-pic/eso-pic.sty)
(/usr/share/texlive/texmf-dist/tex/latex/pdfpages/pppdftex.def))
(/usr/share/texlive/texmf-dist/tex/latex/cleveref/cleveref.sty) (./macros.tex)
(/usr/share/texlive/texmf-dist/tex/latex/l3backend/l3backend-pdftex.def)
(./main.aux

Package natbib Warning: Citation `janesick2023' multiply defined.


Package natbib Warning: Citation `yang2025mistic' multiply defined.


Package natbib Warning: Citation `fischer2023' multiply defined.


Package natbib Warning: Citation `dong2025simvi' multiply defined.


Package natbib Warning: Citation `akbarnejad2025mintflow' multiply defined.


Package natbib Warning: Citation `moeed2026cellina' multiply defined.


Package natbib Warning: Citation `brody2022' multiply defined.


Package natbib Warning: Citation `kronos2025' multiply defined.


Package natbib Warning: Citation `slavutsky2025' multiply defined.


Package natbib Warning: Citation `elazar2018' multiply defined.


Package natbib Warning: Citation `tenx_ovarian_ffpe' multiply defined.


Package natbib Warning: Citation `tenx_lung_ffpe' multiply defined.


Package natbib Warning: Citation `tenx_ovary_ff' multiply defined.


Package natbib Warning: Citation `williamskatek2026fishing' multiply defined.

)
*geometry* driver: auto-detecting
*geometry* detected driver: pdftex
(/usr/share/texlive/texmf-dist/tex/context/base/mkii/supp-pdf.mkii
[Loading MPS to PDF converter (version 2006.09.02).]
) (/usr/share/texlive/texmf-dist/tex/latex/epstopdf-pkg/epstopdf-base.sty
(/usr/share/texlive/texmf-dist/tex/latex/grfext/grfext.sty)
(/usr/share/texlive/texmf-dist/tex/latex/latexconfig/epstopdf-sys.cfg))
(/usr/share/texlive/texmf-dist/tex/latex/microtype/mt-cmr.cfg)
(/usr/share/texlive/texmf-dist/tex/latex/hyperref/nameref.sty
(/usr/share/texlive/texmf-dist/tex/latex/refcount/refcount.sty)
(/usr/share/texlive/texmf-dist/tex/generic/gettitlestring/gettitlestring.sty))
(./main.out) (./main.out)
(/usr/share/texlive/texmf-dist/tex/latex/pdflscape/pdflscape.sty
(/usr/share/texlive/texmf-dist/tex/latex/graphics/lscape.sty))
(/usr/share/texlive/texmf-dist/tex/latex/amsfonts/umsa.fd)
(/usr/share/texlive/texmf-dist/tex/latex/microtype/mt-msa.cfg)
(/usr/share/texlive/texmf-dist/tex/latex/amsfonts/umsb.fd)
(/usr/share/texlive/texmf-dist/tex/latex/microtype/mt-msb.cfg)
(./sections/00_abstract.tex) [1{/var/lib/texmf/fonts/map/pdftex/updmap/pdftex.m
ap}] (./sections/01_introduction.tex
Underfull \hbox (badness 1377) in paragraph at lines 40--41
[]\OT1/cmr/bx/n/10 (+20) Conditional in-vari-ance with a held-out
[1]
Underfull \hbox (badness 1895) in paragraph at lines 41--42
\OT1/cmr/m/n/10 (+20) trans-fer-able to any model with a spill-over
) (./sections/02_model.tex [2]
Underfull \vbox (badness 4792) has occurred while \output is active [3 <../aist
ats/figures//recomb_fig1_overview.pdf>]
Underfull \hbox (badness 1052) in paragraph at lines 98--99
\OT1/cmr/m/n/10 (+20) We fit the model in-de-pen-dently at each $\OML/cmm/m/it/
10 ^^T \OMS/cmsy/m/n/10 2
) (./sections/03_1_setup.tex [4]) (./sections/03_2_simulation.tex)
(./sections/03_3_intrinsic_and_response.tex
(../aistats/tables/generated/headline_main.tex) [5 <../aistats/figures//fig_lat
ents_main.pdf>]) (./sections/03_4_programmes.tex [6])
(./sections/03_5_comparison.tex [7 <../aistats/figures//recomb_fig_programmes.p
df>]
Underfull \vbox (badness 10000) has occurred while \output is active
Underfull \vbox (badness 10000) has occurred while \output is active [8 <../ais
tats/figures//recomb_tradeoff.pdf>]) (./sections/03_6_relocation.tex)
(./sections/03_7_robustness.tex (../aistats/tables/generated/breakdown_main.tex
) [9]) (./sections/04_discussion.tex) (./main.bbl [10]
Underfull \hbox (badness 4726) in paragraph at lines 60--67
\OT1/cmr/m/n/10 (+20) Cell type-specific in-fer-ence of dif-fer-en-tial

Underfull \hbox (badness 10000) in paragraph at lines 60--67
\OT1/cmr/m/n/10 (+20) 10 . 1038 / s41592 -[] 022 -[] 01575 -[] 3$.  Preprint:

Underfull \hbox (badness 10000) in paragraph at lines 150--158
[]\OT1/cmr/m/n/10 (+20) Sebastian Birk, Irene Bonafonte-Pard^^Ras,

Underfull \hbox (badness 1521) in paragraph at lines 150--158
\OT1/cmr/m/n/10 (+20) Adib Mi-raki Feriz, Adam Box-all, Ener-itz

Underfull \hbox (badness 2269) in paragraph at lines 150--158
\OT1/cmr/m/n/10 (+20) of cell niches in spa-tially re-solved omics
[11]
Underfull \hbox (badness 1910) in paragraph at lines 173--177
[]\OT1/cmr/m/n/10 (+20) Yuli Slavut-sky, Ozgur Beker, David Blei,

Underfull \hbox (badness 6157) in paragraph at lines 214--222
[]\OT1/cmr/m/n/10 (+20) 10x Ge-nomics.  FFPE hu-man ovar-ian

Underfull \hbox (badness 10000) in paragraph at lines 214--222
\OT1/cmtt/m/n/10 / / www . 10xgenomics . com / datasets / xenium -[]

Underfull \hbox (badness 10000) in paragraph at lines 214--222
\OT1/cmtt/m/n/10 prime -[] ffpe -[] human -[] ovarian -[] cancer$[][]\OT1/cmr/m
/n/10 (+20) , 2024.

Underfull \hbox (badness 7613) in paragraph at lines 224--232
[]\OT1/cmr/m/n/10 (+20) 10x Ge-nomics.  Post-Xenium tech-ni-cal

Underfull \hbox (badness 1107) in paragraph at lines 224--232
\OT1/cmr/m/n/10 (+20) note: Xe-nium v1 and Xe-nium Prime 5K

Underfull \hbox (badness 3601) in paragraph at lines 224--232
\OT1/cmr/m/n/10 (+20) for FFPE hu-man lung can-cer.  [][]$\OT1/cmtt/m/n/10 http
s :

Underfull \hbox (badness 10000) in paragraph at lines 224--232
\OT1/cmtt/m/n/10 / / www . 10xgenomics . com / datasets / xenium -[]

Underfull \hbox (badness 10000) in paragraph at lines 224--232
\OT1/cmtt/m/n/10 human -[] lung -[] cancer -[] post -[] xenium -[] technote$[][
]\OT1/cmr/m/n/10 (+20) ,

Underfull \hbox (badness 10000) in paragraph at lines 234--242
\OT1/cmr/m/n/10 (+20) ian ade-no-car-ci-noma with 5K hu-man

Underfull \hbox (badness 2205) in paragraph at lines 234--242
\OT1/cmr/m/n/10 (+20) pan tis-sue and path-ways panel.  [][]$\OT1/cmtt/m/n/10 h
ttps :

Underfull \hbox (badness 10000) in paragraph at lines 234--242
\OT1/cmtt/m/n/10 / / www . 10xgenomics . com / datasets / xenium -[]

Underfull \hbox (badness 1735) in paragraph at lines 234--242
\OT1/cmr/m/n/10 (+20) Situ Gene Ex-pres-sion dataset by Xe-nium

Underfull \hbox (badness 1281) in paragraph at lines 272--280
\OT1/cmr/m/n/10 (+20) mal cells into COL11A1-expressing cancer-
[12]) [13] [14 <./supplement.pdf>] [15 <./supplement.pdf>] [16 <./supplement.pd
f>] [17 <./supplement.pdf>] [18 <./supplement.pdf>] [19 <./supplement.pdf>]
[20 <./supplement.pdf>] [21 <./supplement.pdf>] [22 <./supplement.pdf>]
[23 <./supplement.pdf>] [24 <./supplement.pdf>] [25 <./supplement.pdf>]
[26 <./supplement.pdf>] [27 <./supplement.pdf>] [28 <./supplement.pdf>]
[29 <./supplement.pdf>] [30 <./supplement.pdf>] [31 <./supplement.pdf>]
[32 <./supplement.pdf>] [33 <./supplement.pdf>] [34 <./supplement.pdf>]
[35 <./supplement.pdf>] [36 <./supplement.pdf>] [37 <./supplement.pdf>]
[38 <./supplement.pdf>] [39 <./supplement.pdf>] [40 <./supplement.pdf>]
[41 <./supplement.pdf>] [42 <./supplement.pdf>] [43 <./supplement.pdf>]
[44 <./supplement.pdf>] [45 <./supplement.pdf>] [46 <./supplement.pdf>]
[47 <./supplement.pdf>] [48 <./supplement.pdf>] [49 <./supplement.pdf>]
[50 <./supplement.pdf>] [51 <./supplement.pdf>] [52 <./supplement.pdf>]
[53 <./supplement.pdf>] [54 <./supplement.pdf>] [55 <./supplement.pdf>]
[56 <./supplement.pdf>] [57 <./supplement.pdf>] [58 <./supplement.pdf>]
[59 <./supplement.pdf>] [60 <./supplement.pdf>] [61 <./supplement.pdf>]
[62 <./supplement.pdf>] [63 <./supplement.pdf>] [64 <./supplement.pdf>]
[65 <./supplement.pdf>] [66 <./supplement.pdf>] [67 <./supplement.pdf>]
[68 <./supplement.pdf>] [69 <./supplement.pdf>] [70 <./supplement.pdf>]
[71 <./supplement.pdf>] [72 <./supplement.pdf>]

Package natbib Warning: There were multiply defined citations.

(./main.aux) )
(see the transcript file for additional information){/usr/share/texmf/fonts/enc
/dvips/cm-super/cm-super-ts1.enc}</usr/share/texlive/texmf-dist/fonts/type1/pub
lic/amsfonts/cmextra/cmbsy9.pfb></usr/share/texlive/texmf-dist/fonts/type1/publ
ic/amsfonts/cm/cmbx10.pfb></usr/share/texlive/texmf-dist/fonts/type1/public/ams
fonts/cm/cmbx12.pfb></usr/share/texlive/texmf-dist/fonts/type1/public/amsfonts/
cm/cmbx6.pfb></usr/share/texlive/texmf-dist/fonts/type1/public/amsfonts/cm/cmbx
7.pfb></usr/share/texlive/texmf-dist/fonts/type1/public/amsfonts/cm/cmbx8.pfb><
/usr/share/texlive/texmf-dist/fonts/type1/public/amsfonts/cm/cmbx9.pfb></usr/sh
are/texlive/texmf-dist/fonts/type1/public/amsfonts/cm/cmex10.pfb></usr/share/te
xlive/texmf-dist/fonts/type1/public/amsfonts/cmextra/cmex7.pfb></usr/share/texl
ive/texmf-dist/fonts/type1/public/amsfonts/cm/cmmi10.pfb></usr/share/texlive/te
xmf-dist/fonts/type1/public/amsfonts/cm/cmmi12.pfb></usr/share/texlive/texmf-di
st/fonts/type1/public/amsfonts/cm/cmmi5.pfb></usr/share/texlive/texmf-dist/font
s/type1/public/amsfonts/cm/cmmi6.pfb></usr/share/texlive/texmf-dist/fonts/type1
/public/amsfonts/cm/cmmi7.pfb></usr/share/texlive/texmf-dist/fonts/type1/public
/amsfonts/cm/cmmi8.pfb></usr/share/texlive/texmf-dist/fonts/type1/public/amsfon
ts/cm/cmmi9.pfb></usr/share/texlive/texmf-dist/fonts/type1/public/amsfonts/cm/c
mmib10.pfb></usr/share/texlive/texmf-dist/fonts/type1/public/amsfonts/cmextra/c
mmib5.pfb></usr/share/texlive/texmf-dist/fonts/type1/public/amsfonts/cmextra/cm
mib7.pfb></usr/share/texlive/texmf-dist/fonts/type1/public/amsfonts/cmextra/cmm
ib8.pfb></usr/share/texlive/texmf-dist/fonts/type1/public/amsfonts/cmextra/cmmi
b9.pfb></usr/share/texlive/texmf-dist/fonts/type1/public/amsfonts/cm/cmr10.pfb>
</usr/share/texlive/texmf-dist/fonts/type1/public/amsfonts/cm/cmr12.pfb></usr/s
hare/texlive/texmf-dist/fonts/type1/public/amsfonts/cm/cmr17.pfb></usr/share/te
xlive/texmf-dist/fonts/type1/public/amsfonts/cm/cmr5.pfb></usr/share/texlive/te
xmf-dist/fonts/type1/public/amsfonts/cm/cmr6.pfb></usr/share/texlive/texmf-dist
/fonts/type1/public/amsfonts/cm/cmr7.pfb></usr/share/texlive/texmf-dist/fonts/t
ype1/public/amsfonts/cm/cmr8.pfb></usr/share/texlive/texmf-dist/fonts/type1/pub
lic/amsfonts/cm/cmr9.pfb></usr/share/texlive/texmf-dist/fonts/type1/public/amsf
onts/cm/cmsy10.pfb></usr/share/texlive/texmf-dist/fonts/type1/public/amsfonts/c
m/cmsy6.pfb></usr/share/texlive/texmf-dist/fonts/type1/public/amsfonts/cm/cmsy7
.pfb></usr/share/texlive/texmf-dist/fonts/type1/public/amsfonts/cm/cmsy8.pfb></
usr/share/texlive/texmf-dist/fonts/type1/public/amsfonts/cm/cmsy9.pfb></usr/sha
re/texlive/texmf-dist/fonts/type1/public/amsfonts/cm/cmti10.pfb></usr/share/tex
live/texmf-dist/fonts/type1/public/amsfonts/cm/cmti7.pfb></usr/share/texlive/te
xmf-dist/fonts/type1/public/amsfonts/cm/cmti8.pfb></usr/share/texlive/texmf-dis
t/fonts/type1/public/amsfonts/cm/cmti9.pfb></usr/share/texlive/texmf-dist/fonts
/type1/public/amsfonts/cm/cmtt10.pfb></usr/share/texlive/texmf-dist/fonts/type1
/public/amsfonts/symbols/msam10.pfb></usr/share/texlive/texmf-dist/fonts/type1/
public/amsfonts/symbols/msbm10.pfb></usr/share/texmf/fonts/type1/public/cm-supe
r/sfrm1000.pfb>
Output written on main.pdf (73 pages, 39293921 bytes).
Transcript written on main.log.
Latexmk: Found input bbl file 'main.bbl'
Latexmk: Log file says output to 'main.pdf'
Latexmk: Examining 'main.log'
=== TeX engine is 'pdfTeX'
Latexmk: Found bibliography file(s) [../aistats/references.bib]
Latexmk: All targets (main.pdf) are up-to-date
