\BOOKMARK [1][-]{section.S1}{\376\377\000D\000e\000r\000i\000v\000a\000t\000i\000o\000n\000s}{}% 1
\BOOKMARK [2][-]{subsection.S1.1}{\376\377\000T\000h\000e\000\040\000R\000e\000c\000o\000n\000s\000t\000r\000u\000c\000t\000i\000o\000n\000\040\000B\000o\000u\000n\000d}{section.S1}% 2
\BOOKMARK [2][-]{subsection.S1.2}{\376\377\000T\000h\000e\000\040\000I\000n\000t\000r\000i\000n\000s\000i\000c\000\040\000P\000a\000t\000h\000\040\000a\000n\000d\000\040\000t\000h\000e\000\040\000F\000a\000c\000t\000o\000r\000\040\000\050\0001\000+\000o\000m\000e\000g\000a\000\051}{section.S1}% 3
\BOOKMARK [2][-]{subsection.S1.3}{\376\377\000T\000h\000e\000\040\000I\000n\000v\000a\000r\000i\000a\000n\000c\000e\000\040\000T\000e\000r\000m\000\040\000a\000s\000\040\000P\000o\000s\000t\000e\000r\000i\000o\000r\000\040\000R\000e\000g\000u\000l\000a\000r\000i\000s\000a\000t\000i\000o\000n}{section.S1}% 4
\BOOKMARK [2][-]{subsection.S1.4}{\376\377\000T\000h\000e\000\040\000G\000a\000u\000s\000s\000i\000a\000n\000\040\000C\000o\000n\000d\000i\000t\000i\000o\000n\000a\000l\000\040\000M\000u\000t\000u\000a\000l\000\040\000I\000n\000f\000o\000r\000m\000a\000t\000i\000o\000n}{section.S1}% 5
\BOOKMARK [2][-]{subsection.S1.5}{\376\377\000S\000y\000m\000m\000e\000t\000r\000i\000e\000s\000\040\000o\000f\000\040\000t\000h\000e\000\040\000R\000e\000s\000p\000o\000n\000s\000e}{section.S1}% 6
\BOOKMARK [2][-]{subsection.S1.6}{\376\377\000F\000e\000e\000d\000b\000a\000c\000k\000\040\000A\000m\000p\000l\000i\000f\000i\000c\000a\000t\000i\000o\000n\000\040\000T\000h\000r\000o\000u\000g\000h\000\040\000t\000h\000e\000\040\000S\000p\000i\000l\000l\000-\000o\000v\000e\000r\000\040\000P\000a\000t\000h\000\040\000\050\000H\000e\000u\000r\000i\000s\000t\000i\000c\000\051}{section.S1}% 7
\BOOKMARK [1][-]{section.S2}{\376\377\000D\000e\000s\000i\000g\000n\000\040\000R\000a\000t\000i\000o\000n\000a\000l\000e}{}% 8
\BOOKMARK [2][-]{subsection.S2.1}{\376\377\000T\000h\000e\000\040\000M\000i\000r\000r\000o\000r\000\040\000A\000t\000t\000r\000a\000c\000t\000o\000r}{section.S2}% 9
\BOOKMARK [2][-]{subsection.S2.2}{\376\377\000W\000h\000y\000\040\000t\000h\000e\000\040\000C\000o\000n\000t\000e\000x\000t\000\040\000G\000e\000t\000s\000\040\000N\000o\000\040\000P\000e\000r\000-\000E\000d\000g\000e\000\040\000G\000e\000o\000m\000e\000t\000r\000y\000,\000\040\000a\000n\000d\000\040\000W\000h\000y\000\040\000t\000h\000e\000\040\000G\000r\000a\000p\000h\000\040\000I\000s\000\040\000D\000e\000l\000a\000u\000n\000a\000y}{section.S2}% 10
\BOOKMARK [2][-]{subsection.S2.3}{\376\377\000T\000h\000e\000\040\000I\000m\000a\000g\000e\000\040\000D\000e\000s\000c\000r\000i\000p\000t\000o\000r\000\040\000a\000n\000d\000\040\000I\000t\000s\000\040\000M\000a\000s\000k}{section.S2}% 11
\BOOKMARK [2][-]{subsection.S2.4}{\376\377\000T\000h\000r\000e\000e\000\040\000R\000o\000u\000t\000e\000s\000\040\000t\000o\000\040\000a\000\040\000V\000a\000n\000i\000s\000h\000i\000n\000g\000\040\000R\000e\000s\000p\000o\000n\000s\000e\000\040\000D\000i\000v\000e\000r\000g\000e\000n\000c\000e}{section.S2}% 12
\BOOKMARK [2][-]{subsection.S2.5}{\376\377\000C\000o\000n\000d\000i\000t\000i\000o\000n\000a\000l\000\040\000I\000n\000v\000a\000r\000i\000a\000n\000c\000e\000\040\000a\000n\000d\000\040\000L\000a\000b\000e\000l\000\040\000G\000r\000a\000n\000u\000l\000a\000r\000i\000t\000y}{section.S2}% 13
\BOOKMARK [2][-]{subsection.S2.6}{\376\377\000T\000h\000e\000\040\000S\000p\000i\000l\000l\000-\000o\000v\000e\000r\000\040\000F\000r\000a\000c\000t\000i\000o\000n\000:\000\040\000G\000r\000i\000d\000\040\000R\000a\000n\000g\000e\000\040\000a\000n\000d\000\040\000U\000p\000g\000r\000a\000d\000e\000\040\000P\000a\000t\000h}{section.S2}% 14
\BOOKMARK [2][-]{subsection.S2.7}{\376\377\000L\000e\000a\000r\000n\000e\000d\000\040\000V\000a\000r\000i\000a\000n\000c\000e\000s\000:\000\040\000W\000h\000a\000t\000\040\000t\000o\000\040\000L\000e\000a\000r\000n\000\040\000a\000n\000d\000\040\000W\000h\000a\000t\000\040\000N\000o\000t\000\040\000T\000o}{section.S2}% 15
\BOOKMARK [1][-]{section.S3}{\376\377\000I\000m\000p\000l\000e\000m\000e\000n\000t\000a\000t\000i\000o\000n\000\040\000D\000e\000t\000a\000i\000l\000s}{}% 16
\BOOKMARK [2][-]{subsection.S3.1}{\376\377\000A\000r\000c\000h\000i\000t\000e\000c\000t\000u\000r\000e\000\040\000a\000n\000d\000\040\000H\000y\000p\000e\000r\000p\000a\000r\000a\000m\000e\000t\000e\000r\000s}{section.S3}% 17
\BOOKMARK [2][-]{subsection.S3.2}{\376\377\000C\000h\000o\000i\000c\000e\000s\000\040\000M\000a\000d\000e\000\040\000i\000n\000\040\000I\000m\000p\000l\000e\000m\000e\000n\000t\000a\000t\000i\000o\000n}{section.S3}% 18
\BOOKMARK [2][-]{subsection.S3.3}{\376\377\000T\000i\000l\000e\000s\000\040\000a\000n\000d\000\040\000t\000h\000e\000\040\000T\000w\000o\000-\000H\000o\000p\000\040\000H\000a\000l\000o}{section.S3}% 19
\BOOKMARK [2][-]{subsection.S3.4}{\376\377\000T\000h\000e\000\040\000H\000e\000l\000d\000-\000O\000u\000t\000\040\000P\000r\000o\000b\000e}{section.S3}% 20
\BOOKMARK [1][-]{section.S4}{\376\377\000D\000a\000t\000a\000,\000\040\000L\000a\000b\000e\000l\000s\000\040\000a\000n\000d\000\040\000C\000o\000m\000p\000a\000r\000i\000s\000o\000n\000\040\000M\000e\000t\000h\000o\000d\000s}{}% 21
\BOOKMARK [2][-]{subsection.S4.1}{\376\377\000S\000e\000c\000t\000i\000o\000n\000s}{section.S4}% 22
\BOOKMARK [2][-]{subsection.S4.2}{\376\377\000L\000i\000n\000e\000a\000g\000e\000\040\000L\000a\000b\000e\000l\000s}{section.S4}% 23
\BOOKMARK [2][-]{subsection.S4.3}{\376\377\000B\000a\000s\000e\000l\000i\000n\000e\000s}{section.S4}% 24
\BOOKMARK [2][-]{subsection.S4.4}{\376\377\000A\000s\000s\000e\000t\000s\000\040\000a\000n\000d\000\040\000L\000i\000c\000e\000n\000c\000e\000s}{section.S4}% 25
\BOOKMARK [2][-]{subsection.S4.5}{\376\377\000W\000h\000a\000t\000\040\000t\000h\000e\000\040\000M\000o\000d\000e\000l\000\040\000N\000e\000e\000d\000s}{section.S4}% 26
\BOOKMARK [1][-]{section.S5}{\376\377\000R\000e\000a\000d\000o\000u\000t\000\040\000D\000e\000f\000i\000n\000i\000t\000i\000o\000n\000s}{}% 27
\BOOKMARK [2][-]{subsection.S5.1}{\376\377\000R\000e\000a\000d\000o\000u\000t\000s}{section.S5}% 28
\BOOKMARK [2][-]{subsection.S5.2}{\376\377\000M\000e\000r\000g\000e\000d\000\040\000S\000u\000b\000t\000y\000p\000e\000s}{section.S5}% 29
\BOOKMARK [1][-]{section.S6}{\376\377\000F\000u\000l\000l\000\040\000R\000e\000s\000u\000l\000t\000s}{}% 30
\BOOKMARK [2][-]{subsection.S6.1}{\376\377\000T\000h\000e\000\040\000R\000e\000s\000p\000o\000n\000s\000e\000\040\000i\000n\000\040\000D\000e\000t\000a\000i\000l}{section.S6}% 31
\BOOKMARK [2][-]{subsection.S6.2}{\376\377\000S\000p\000a\000t\000i\000a\000l\000\040\000A\000u\000t\000o\000c\000o\000r\000r\000e\000l\000a\000t\000i\000o\000n\000\040\000W\000i\000t\000h\000i\000n\000\040\000T\000y\000p\000e\000s}{section.S6}% 32
\BOOKMARK [2][-]{subsection.S6.3}{\376\377\000T\000h\000e\000\040\000C\000o\000u\000n\000t\000e\000r\000f\000a\000c\000t\000u\000a\000l\000\040\000C\000o\000m\000p\000a\000r\000e\000d\000\040\000w\000i\000t\000h\000\040\000C\000e\000l\000l\000i\000n\000a}{section.S6}% 33
\BOOKMARK [2][-]{subsection.S6.4}{\376\377\000T\000h\000e\000\040\000L\000a\000t\000e\000n\000t\000s}{section.S6}% 34
\BOOKMARK [2][-]{subsection.S6.5}{\376\377\000P\000e\000r\000-\000C\000e\000l\000l\000\040\000D\000i\000v\000e\000r\000g\000e\000n\000c\000e\000\040\000a\000n\000d\000\040\000P\000o\000s\000t\000e\000r\000i\000o\000r\000\040\000U\000n\000c\000e\000r\000t\000a\000i\000n\000t\000y}{section.S6}% 35
\BOOKMARK [2][-]{subsection.S6.6}{\376\377\000T\000r\000a\000i\000n\000i\000n\000g\000\040\000C\000o\000s\000t}{section.S6}% 36
\BOOKMARK [1][-]{section.S7}{\376\377\000S\000i\000m\000u\000l\000a\000t\000i\000o\000n\000\040\000a\000n\000d\000\040\000P\000l\000a\000n\000t\000e\000d\000\040\000T\000e\000s\000t\000s}{}% 37
\BOOKMARK [2][-]{subsection.S7.1}{\376\377\000S\000y\000n\000t\000h\000e\000t\000i\000c\000\040\000R\000e\000c\000o\000v\000e\000r\000y}{section.S7}% 38
\BOOKMARK [2][-]{subsection.S7.2}{\376\377\000A\000\040\000P\000l\000a\000n\000t\000e\000d\000\040\000P\000e\000r\000-\000C\000e\000l\000l\000\040\000R\000e\000s\000p\000o\000n\000s\000e}{section.S7}% 39
\BOOKMARK [2][-]{subsection.S7.3}{\376\377\000P\000l\000a\000n\000t\000e\000d\000\040\000W\000o\000r\000l\000d\000s}{section.S7}% 40
\BOOKMARK [1][-]{section.S8}{\376\377\000S\000p\000i\000l\000l\000-\000o\000v\000e\000r\000\040\000S\000w\000e\000e\000p\000,\000\040\000S\000e\000n\000s\000i\000t\000i\000v\000i\000t\000y\000\040\000a\000n\000d\000\040\000A\000b\000l\000a\000t\000i\000o\000n\000s}{}% 41
\BOOKMARK [2][-]{subsection.S8.1}{\376\377\000T\000h\000e\000\040\000S\000p\000i\000l\000l\000-\000o\000v\000e\000r\000\040\000S\000w\000e\000e\000p\000\040\000i\000n\000\040\000F\000u\000l\000l}{section.S8}% 42
\BOOKMARK [2][-]{subsection.S8.2}{\376\377\000S\000e\000n\000s\000i\000t\000i\000v\000i\000t\000y\000\040\000t\000o\000\040\000t\000h\000e\000\040\000A\000s\000s\000u\000m\000p\000t\000i\000o\000n\000s}{section.S8}% 43
\BOOKMARK [2][-]{subsection.S8.3}{\376\377\000W\000h\000a\000t\000\040\000E\000a\000c\000h\000\040\000P\000a\000r\000t\000\040\000o\000f\000\040\000t\000h\000e\000\040\000M\000o\000d\000e\000l\000\040\000B\000u\000y\000s\000\040\000i\000n\000\040\000R\000e\000c\000o\000n\000s\000t\000r\000u\000c\000t\000i\000o\000n}{section.S8}% 44
\BOOKMARK [1][-]{section.S9}{\376\377\000L\000i\000m\000i\000t\000a\000t\000i\000o\000n\000s}{}% 45
