\BOOKMARK [1][-]{section.1}{\376\377\000I\000N\000T\000R\000O\000D\000U\000C\000T\000I\000O\000N}{}% 1
\BOOKMARK [1][-]{section.2}{\376\377\000T\000H\000E\000\040\000D\000I\000S\000C\000E\000L\000L\000\040\000M\000O\000D\000E\000L}{}% 2
\BOOKMARK [2][-]{subsection.2.1}{\376\377\000S\000e\000t\000t\000i\000n\000g\000\040\000a\000n\000d\000\040\000N\000o\000t\000a\000t\000i\000o\000n}{section.2}% 3
\BOOKMARK [2][-]{subsection.2.2}{\376\377\000G\000e\000n\000e\000r\000a\000t\000i\000v\000e\000\040\000M\000o\000d\000e\000l}{section.2}% 4
\BOOKMARK [2][-]{subsection.2.3}{\376\377\000I\000n\000f\000e\000r\000e\000n\000c\000e\000\040\000N\000e\000t\000w\000o\000r\000k\000s}{section.2}% 5
\BOOKMARK [2][-]{subsection.2.4}{\376\377\000O\000b\000j\000e\000c\000t\000i\000v\000e}{section.2}% 6
\BOOKMARK [2][-]{subsection.2.5}{\376\377\000C\000o\000n\000d\000i\000t\000i\000o\000n\000a\000l\000\040\000I\000n\000v\000a\000r\000i\000a\000n\000c\000e\000\040\000o\000f\000\040\000z}{section.2}% 7
\BOOKMARK [2][-]{subsection.2.6}{\376\377\000F\000r\000o\000z\000e\000n\000\040\000N\000e\000i\000g\000h\000b\000o\000u\000r\000s\000\040\000a\000n\000d\000\040\000B\000a\000t\000c\000h\000i\000n\000g}{section.2}% 8
\BOOKMARK [2][-]{subsection.2.7}{\376\377\000M\000o\000d\000e\000l\000\040\000S\000e\000l\000e\000c\000t\000i\000o\000n\000\040\000a\000n\000d\000\040\000D\000i\000a\000g\000n\000o\000s\000t\000i\000c\000s}{section.2}% 9
\BOOKMARK [2][-]{subsection.2.8}{\376\377\000W\000h\000a\000t\000\040\000I\000s\000\040\000I\000d\000e\000n\000t\000i\000f\000i\000e\000d\000,\000\040\000a\000n\000d\000\040\000t\000h\000e\000\040\000L\000e\000a\000k\000a\000g\000e\000\040\000S\000w\000e\000e\000p}{section.2}% 10
\BOOKMARK [1][-]{section.3}{\376\377\000E\000X\000P\000E\000R\000I\000M\000E\000N\000T\000S}{}% 11
\BOOKMARK [2][-]{subsection.3.1}{\376\377\000S\000e\000t\000u\000p}{section.3}% 12
\BOOKMARK [2][-]{subsection.3.2}{\376\377\000M\000o\000d\000e\000l\000\040\000Q\000u\000a\000l\000i\000t\000y\000\040\000A\000c\000r\000o\000s\000s\000\040\000F\000o\000u\000r\000\040\000T\000i\000s\000s\000u\000e\000s}{section.3}% 13
\BOOKMARK [2][-]{subsection.3.3}{\376\377\000W\000h\000a\000t\000\040\000t\000h\000e\000\040\000I\000n\000t\000r\000i\000n\000s\000i\000c\000\040\000S\000t\000a\000t\000e\000\040\000C\000a\000r\000r\000i\000e\000s}{section.3}% 14
\BOOKMARK [2][-]{subsection.3.4}{\376\377\000W\000h\000a\000t\000\040\000t\000h\000e\000\040\000R\000e\000s\000p\000o\000n\000s\000e\000\040\000C\000a\000r\000r\000i\000e\000s}{section.3}% 15
\BOOKMARK [2][-]{subsection.3.5}{\376\377\000T\000h\000e\000\040\000L\000e\000a\000k\000a\000g\000e\000\040\000S\000w\000e\000e\000p}{section.3}% 16
\BOOKMARK [2][-]{subsection.3.6}{\376\377\000C\000o\000m\000p\000a\000r\000i\000s\000o\000n\000\040\000w\000i\000t\000h\000\040\000O\000t\000h\000e\000r\000\040\000M\000o\000d\000e\000l\000s}{section.3}% 17
\BOOKMARK [1][-]{section.4}{\376\377\000C\000O\000N\000C\000L\000U\000S\000I\000O\000N}{}% 18
\BOOKMARK [1][-]{appendix.A}{\376\377\000D\000E\000R\000I\000V\000A\000T\000I\000O\000N\000S}{}% 19
\BOOKMARK [2][-]{subsection.A.1}{\376\377\000T\000h\000e\000\040\000R\000e\000c\000o\000n\000s\000t\000r\000u\000c\000t\000i\000o\000n\000\040\000B\000o\000u\000n\000d}{appendix.A}% 20
\BOOKMARK [2][-]{subsection.A.2}{\376\377\000T\000h\000e\000\040\000I\000n\000t\000r\000i\000n\000s\000i\000c\000\040\000P\000a\000t\000h\000\040\000a\000n\000d\000\040\000t\000h\000e\000\040\000F\000a\000c\000t\000o\000r\000\040\000\050\0001\000+\000o\000m\000e\000g\000a\000\051}{appendix.A}% 21
\BOOKMARK [2][-]{subsection.A.3}{\376\377\000T\000h\000e\000\040\000I\000n\000v\000a\000r\000i\000a\000n\000c\000e\000\040\000T\000e\000r\000m\000\040\000a\000s\000\040\000P\000o\000s\000t\000e\000r\000i\000o\000r\000\040\000R\000e\000g\000u\000l\000a\000r\000i\000s\000a\000t\000i\000o\000n}{appendix.A}% 22
\BOOKMARK [2][-]{subsection.A.4}{\376\377\000T\000h\000e\000\040\000G\000a\000u\000s\000s\000i\000a\000n\000\040\000C\000o\000n\000d\000i\000t\000i\000o\000n\000a\000l\000\040\000M\000u\000t\000u\000a\000l\000\040\000I\000n\000f\000o\000r\000m\000a\000t\000i\000o\000n}{appendix.A}% 23
\BOOKMARK [2][-]{subsection.A.5}{\376\377\000S\000y\000m\000m\000e\000t\000r\000i\000e\000s\000\040\000o\000f\000\040\000t\000h\000e\000\040\000R\000e\000s\000p\000o\000n\000s\000e}{appendix.A}% 24
\BOOKMARK [2][-]{subsection.A.6}{\376\377\000F\000e\000e\000d\000b\000a\000c\000k\000\040\000A\000m\000p\000l\000i\000f\000i\000c\000a\000t\000i\000o\000n\000\040\000T\000h\000r\000o\000u\000g\000h\000\040\000t\000h\000e\000\040\000L\000e\000a\000k\000a\000g\000e\000\040\000P\000a\000t\000h\000\040\000\050\000H\000e\000u\000r\000i\000s\000t\000i\000c\000\051}{appendix.A}% 25
\BOOKMARK [1][-]{appendix.B}{\376\377\000D\000E\000S\000I\000G\000N\000\040\000R\000A\000T\000I\000O\000N\000A\000L\000E}{}% 26
\BOOKMARK [2][-]{subsection.B.1}{\376\377\000T\000h\000e\000\040\000M\000i\000r\000r\000o\000r\000\040\000A\000t\000t\000r\000a\000c\000t\000o\000r}{appendix.B}% 27
\BOOKMARK [2][-]{subsection.B.2}{\376\377\000W\000h\000y\000\040\000t\000h\000e\000\040\000C\000o\000n\000t\000e\000x\000t\000\040\000G\000e\000t\000s\000\040\000N\000o\000\040\000P\000e\000r\000-\000E\000d\000g\000e\000\040\000G\000e\000o\000m\000e\000t\000r\000y\000,\000\040\000a\000n\000d\000\040\000W\000h\000y\000\040\000t\000h\000e\000\040\000G\000r\000a\000p\000h\000\040\000I\000s\000\040\000D\000e\000l\000a\000u\000n\000a\000y}{appendix.B}% 28
\BOOKMARK [2][-]{subsection.B.3}{\376\377\000T\000h\000e\000\040\000I\000m\000a\000g\000e\000\040\000D\000e\000s\000c\000r\000i\000p\000t\000o\000r\000\040\000a\000n\000d\000\040\000I\000t\000s\000\040\000M\000a\000s\000k}{appendix.B}% 29
\BOOKMARK [2][-]{subsection.B.4}{\376\377\000T\000h\000r\000e\000e\000\040\000R\000o\000u\000t\000e\000s\000\040\000t\000o\000\040\000a\000\040\000V\000a\000n\000i\000s\000h\000i\000n\000g\000\040\000R\000e\000s\000p\000o\000n\000s\000e\000\040\000D\000i\000v\000e\000r\000g\000e\000n\000c\000e}{appendix.B}% 30
\BOOKMARK [2][-]{subsection.B.5}{\376\377\000C\000o\000n\000d\000i\000t\000i\000o\000n\000a\000l\000\040\000I\000n\000v\000a\000r\000i\000a\000n\000c\000e\000\040\000a\000n\000d\000\040\000L\000a\000b\000e\000l\000\040\000G\000r\000a\000n\000u\000l\000a\000r\000i\000t\000y}{appendix.B}% 31
\BOOKMARK [2][-]{subsection.B.6}{\376\377\000T\000h\000e\000\040\000L\000e\000a\000k\000\040\000F\000r\000a\000c\000t\000i\000o\000n\000:\000\040\000G\000r\000i\000d\000\040\000R\000a\000n\000g\000e\000\040\000a\000n\000d\000\040\000U\000p\000g\000r\000a\000d\000e\000\040\000P\000a\000t\000h}{appendix.B}% 32
\BOOKMARK [2][-]{subsection.B.7}{\376\377\000L\000e\000a\000r\000n\000e\000d\000\040\000V\000a\000r\000i\000a\000n\000c\000e\000s\000:\000\040\000W\000h\000a\000t\000\040\000t\000o\000\040\000L\000e\000a\000r\000n\000\040\000a\000n\000d\000\040\000W\000h\000a\000t\000\040\000N\000o\000t\000\040\000T\000o}{appendix.B}% 33
\BOOKMARK [1][-]{appendix.C}{\376\377\000I\000M\000P\000L\000E\000M\000E\000N\000T\000A\000T\000I\000O\000N\000\040\000D\000E\000T\000A\000I\000L\000S}{}% 34
\BOOKMARK [2][-]{subsection.C.1}{\376\377\000A\000r\000c\000h\000i\000t\000e\000c\000t\000u\000r\000e\000\040\000a\000n\000d\000\040\000H\000y\000p\000e\000r\000p\000a\000r\000a\000m\000e\000t\000e\000r\000s}{appendix.C}% 35
\BOOKMARK [2][-]{subsection.C.2}{\376\377\000C\000h\000o\000i\000c\000e\000s\000\040\000M\000a\000d\000e\000\040\000i\000n\000\040\000I\000m\000p\000l\000e\000m\000e\000n\000t\000a\000t\000i\000o\000n}{appendix.C}% 36
\BOOKMARK [2][-]{subsection.C.3}{\376\377\000T\000i\000l\000e\000s\000\040\000a\000n\000d\000\040\000t\000h\000e\000\040\000T\000w\000o\000-\000H\000o\000p\000\040\000H\000a\000l\000o}{appendix.C}% 37
\BOOKMARK [2][-]{subsection.C.4}{\376\377\000T\000h\000e\000\040\000H\000e\000l\000d\000-\000O\000u\000t\000\040\000P\000r\000o\000b\000e}{appendix.C}% 38
\BOOKMARK [1][-]{appendix.D}{\376\377\000E\000X\000P\000E\000R\000I\000M\000E\000N\000T\000A\000L\000\040\000D\000E\000T\000A\000I\000L\000S}{}% 39
\BOOKMARK [2][-]{subsection.D.1}{\376\377\000S\000e\000c\000t\000i\000o\000n\000s}{appendix.D}% 40
\BOOKMARK [2][-]{subsection.D.2}{\376\377\000L\000i\000n\000e\000a\000g\000e\000\040\000L\000a\000b\000e\000l\000s}{appendix.D}% 41
\BOOKMARK [2][-]{subsection.D.3}{\376\377\000B\000a\000s\000e\000l\000i\000n\000e\000s}{appendix.D}% 42
\BOOKMARK [2][-]{subsection.D.4}{\376\377\000A\000s\000s\000e\000t\000s\000\040\000a\000n\000d\000\040\000L\000i\000c\000e\000n\000c\000e\000s}{appendix.D}% 43
\BOOKMARK [2][-]{subsection.D.5}{\376\377\000T\000r\000a\000i\000n\000i\000n\000g\000\040\000C\000o\000s\000t}{appendix.D}% 44
\BOOKMARK [2][-]{subsection.D.6}{\376\377\000P\000l\000a\000n\000t\000e\000d\000\040\000W\000o\000r\000l\000d\000s}{appendix.D}% 45
\BOOKMARK [2][-]{subsection.D.7}{\376\377\000S\000p\000a\000t\000i\000a\000l\000\040\000A\000u\000t\000o\000c\000o\000r\000r\000e\000l\000a\000t\000i\000o\000n\000\040\000W\000i\000t\000h\000i\000n\000\040\000T\000y\000p\000e\000s}{appendix.D}% 46
\BOOKMARK [2][-]{subsection.D.8}{\376\377\000W\000h\000a\000t\000\040\000E\000a\000c\000h\000\040\000P\000a\000r\000t\000\040\000o\000f\000\040\000t\000h\000e\000\040\000M\000o\000d\000e\000l\000\040\000B\000u\000y\000s\000\040\000i\000n\000\040\000R\000e\000c\000o\000n\000s\000t\000r\000u\000c\000t\000i\000o\000n}{appendix.D}% 47
\BOOKMARK [2][-]{subsection.D.9}{\376\377\000P\000e\000r\000-\000C\000e\000l\000l\000\040\000D\000i\000v\000e\000r\000g\000e\000n\000c\000e\000\040\000a\000n\000d\000\040\000P\000o\000s\000t\000e\000r\000i\000o\000r\000\040\000U\000n\000c\000e\000r\000t\000a\000i\000n\000t\000y}{appendix.D}% 48
